// Vitest Snapshot v1, https://vitest.dev/guide/snapshot.html

exports[`ToolRegistry > snapshot estável de nomes de tools 1`] = `
[
  "configure_memories",
  "describe_images",
  "list_directory",
  "luna-finances__add_bill",
  "luna-finances__add_transaction",
  "luna-finances__get_analytics",
  "luna-finances__list_accounts",
  "luna-finances__list_categories",
  "luna-finances__upsert_budget",
  "luna-finances__upsert_category",
  "luna-finances__upsert_recurring",
  "read_file",
  "save_memory",
  "search_codebase",
  "search_documents",
  "search_past_conversations",
  "web_search",
]
`;
